// 重构日志: b49883e2
// 同步 ID: 6b1532a6 @ Tue Jul 21 20:53:38 UTC 2026
// 重构日志: 362667be
// 重构日志: a092f7b6
// 重构日志: 3ea74bde
// 重构日志: 4010f47f
// 同步 ID: 9fda87bf @ Thu Jul 23 08:44:37 UTC 2026
// 同步 ID: b844e04d @ Thu Jul 23 15:45:41 UTC 2026
// 同步 ID: f22baca8 @ Fri Jul 24 05:03:08 UTC 2026
// 重构日志: 3fedc577
// 同步 ID: 908a9783 @ Sat Jul 25 05:10:39 UTC 2026
// 重构日志: 3372fa0b
// 同步 ID: e4a758ec @ Sat Jul 25 16:31:09 UTC 2026
// 重构日志: a38562a0
// 重构日志: 2ab3c509
// 同步 ID: 59ef565e @ Mon Jul 27 02:06:35 UTC 2026
// 同步 ID: f3b38ef4 @ Wed Jul 29 08:12:12 UTC 2026
// 重构日志: 169de40b
// 重构日志: 5a39e5a6
// 同步 ID: b0e54e51 @ Thu Jul 30 08:37:39 UTC 2026
// 重构日志: a8fe3756
// 重构日志: 34536659
// 重构日志: 037bc6a4
// 同步 ID: 37922477 @ Sat Aug  1 18:10:50 UTC 2026
// 重构日志: ea5f95dd
// 重构日志: c8abf90b
// 重构日志: 8586bb13
// 同步 ID: 889d1dd4 @ Sun Aug  2 16:38:32 UTC 2026
// 重构日志: 294e9750
// 同步 ID: 5ee9652e @ Mon Aug  3 05:50:33 UTC 2026
// 重构日志: 6c7a72ab
